project root: C:\Users\prasa\OneDrive\Desktop\Btech_Final_year_project
added scripts/ and model/ to the MATLAB path
=== worker 4 of 4 ===
    assigned 1470 runs, 0 already done, 1470 to do
    accelerator cache: C:\Users\prasa\OneDrive\Desktop\Btech_Final_year_project\cache_w4
      1/1470   run_id 4852   45.3s  elapsed   0.8 min  eta 1108.8 min
     10/1470   run_id 4861    7.4s  elapsed   2.0 min  eta 284.0 min
     20/1470   run_id 4871   16.0s  elapsed   4.5 min  eta 321.5 min
     30/1470   run_id 4881   15.3s  elapsed   7.2 min  eta 342.6 min
     40/1470   run_id 4891    7.7s  elapsed   9.4 min  eta 333.6 min
     50/1470   run_id 5048    4.1s  elapsed  10.1 min  eta 286.4 min
     60/1470   run_id 5058    3.9s  elapsed  10.8 min  eta 253.2 min
     70/1470   run_id 5068    6.4s  elapsed  11.8 min  eta 234.4 min
     80/1470   run_id 5078    6.1s  elapsed  12.8 min  eta 221.7 min
     90/1470   run_id 5088    5.8s  elapsed  13.8 min  eta 210.9 min
    100/1470   run_id 5245    6.0s  elapsed  14.8 min  eta 201.9 min
    110/1470   run_id 5255    5.6s  elapsed  15.7 min  eta 193.9 min
    120/1470   run_id 5265    5.8s  elapsed  16.7 min  eta 187.0 min
    130/1470   run_id 5275    5.7s  elapsed  17.6 min  eta 181.5 min
    140/1470   run_id 5285    5.8s  elapsed  18.6 min  eta 176.3 min
    150/1470   run_id 5442    5.7s  elapsed  19.6 min  eta 172.1 min
    160/1470   run_id 5452    3.9s  elapsed  20.4 min  eta 166.4 min
    170/1470   run_id 5462    5.7s  elapsed  21.1 min  eta 161.1 min
    180/1470   run_id 5472    6.1s  elapsed  22.1 min  eta 158.3 min
    190/1470   run_id 5482    5.8s  elapsed  23.1 min  eta 155.6 min
    200/1470   run_id 5639    6.0s  elapsed  24.1 min  eta 152.8 min
    210/1470   run_id 5649    6.1s  elapsed  25.1 min  eta 150.4 min
    220/1470   run_id 5659    5.5s  elapsed  26.1 min  eta 147.8 min
    230/1470   run_id 5669    5.8s  elapsed  27.0 min  eta 145.5 min
    240/1470   run_id 5679    6.3s  elapsed  28.0 min  eta 143.4 min
    250/1470   run_id 5836    7.0s  elapsed  29.1 min  eta 141.7 min
    260/1470   run_id 5846    6.7s  elapsed  30.2 min  eta 140.3 min
    270/1470   run_id 5856    6.5s  elapsed  31.3 min  eta 138.9 min
    280/1470   run_id 5866    8.1s  elapsed  32.6 min  eta 138.3 min
    290/1470   run_id 5876    9.1s  elapsed  34.0 min  eta 138.2 min
    300/1470   run_id 6033    9.2s  elapsed  35.5 min  eta 138.4 min
    310/1470   run_id 6043    9.0s  elapsed  37.0 min  eta 138.3 min
    320/1470   run_id 6053    8.4s  elapsed  38.5 min  eta 138.0 min
    330/1470   run_id 6063    8.9s  elapsed  39.9 min  eta 137.7 min
    340/1470   run_id 6073    9.7s  elapsed  41.5 min  eta 137.7 min
    350/1470   run_id 6230    9.0s  elapsed  43.0 min  eta 137.4 min
    360/1470   run_id 6240    8.5s  elapsed  44.5 min  eta 136.9 min
    370/1470   run_id 6250    8.6s  elapsed  46.0 min  eta 136.4 min
    380/1470   run_id 6260    9.2s  elapsed  47.5 min  eta 135.9 min
    390/1470   run_id 6270    9.9s  elapsed  49.1 min  eta 135.7 min
    400/1470   run_id 6427    9.5s  elapsed  50.7 min  eta 135.3 min
    410/1470   run_id 6437    9.1s  elapsed  52.2 min  eta 134.7 min
    420/1470   run_id 6447    9.0s  elapsed  53.7 min  eta 134.1 min
    430/1470   run_id 6457    9.0s  elapsed  55.2 min  eta 133.3 min
    440/1470   run_id 6467    8.8s  elapsed  56.7 min  eta 132.5 min
    450/1470   run_id 6624    8.4s  elapsed  58.1 min  eta 131.5 min
    460/1470   run_id 6634    8.8s  elapsed  59.6 min  eta 130.6 min
    470/1470   run_id 6644    9.3s  elapsed  61.1 min  eta 129.8 min
    480/1470   run_id 6654    7.3s  elapsed  62.6 min  eta 128.9 min
    490/1470   run_id 6664    6.5s  elapsed  63.7 min  eta 127.3 min
    500/1470   run_id 6821    7.0s  elapsed  64.8 min  eta 125.6 min
    510/1470   run_id 6831    7.0s  elapsed  66.1 min  eta 124.2 min
    520/1470   run_id 6841    8.5s  elapsed  67.4 min  eta 122.9 min
    530/1470   run_id 6851    9.0s  elapsed  68.9 min  eta 122.0 min
    540/1470   run_id 7008    8.9s  elapsed  70.4 min  eta 121.0 min
    550/1470   run_id 7018    8.8s  elapsed  71.8 min  eta 120.0 min
    560/1470   run_id 7028   10.7s  elapsed  73.3 min  eta 119.0 min
    570/1470   run_id 7038    8.6s  elapsed  74.8 min  eta 117.9 min
    580/1470   run_id 7048    8.4s  elapsed  76.2 min  eta 116.8 min
    590/1470   run_id 7205    9.1s  elapsed  77.7 min  eta 115.7 min
    600/1470   run_id 7215    9.1s  elapsed  79.3 min  eta 114.8 min
    610/1470   run_id 7225    8.6s  elapsed  80.7 min  eta 113.7 min
    620/1470   run_id 7235    8.8s  elapsed  82.2 min  eta 112.5 min
    630/1470   run_id 7245    8.4s  elapsed  83.6 min  eta 111.3 min
    640/1470   run_id 7402    8.5s  elapsed  85.0 min  eta 110.1 min
    650/1470   run_id 7412    8.4s  elapsed  86.5 min  eta 109.0 min
    660/1470   run_id 7422    8.6s  elapsed  88.0 min  eta 107.8 min
    670/1470   run_id 7432    8.2s  elapsed  89.4 min  eta 106.6 min
    680/1470   run_id 7442    8.9s  elapsed  90.9 min  eta 105.4 min
    690/1470   run_id 7599    8.5s  elapsed  92.3 min  eta 104.2 min
    700/1470   run_id 7609    8.7s  elapsed  93.7 min  eta 102.9 min
    710/1470   run_id 7619    7.1s  elapsed  94.9 min  eta 101.4 min
    720/1470   run_id 7629    7.1s  elapsed  96.1 min  eta  99.9 min
    730/1470   run_id 7639    6.9s  elapsed  97.3 min  eta  98.4 min
    740/1470   run_id 7796    7.1s  elapsed  98.4 min  eta  96.9 min
    750/1470   run_id 7806    8.2s  elapsed  99.7 min  eta  95.6 min
    760/1470   run_id 7816    9.0s  elapsed 101.1 min  eta  94.3 min
    770/1470   run_id 7826    9.1s  elapsed 102.6 min  eta  93.1 min
    780/1470   run_id 7836    8.9s  elapsed 104.1 min  eta  91.9 min
    790/1470   run_id 7993    8.8s  elapsed 105.5 min  eta  90.7 min
    800/1470   run_id 8003    8.1s  elapsed 106.9 min  eta  89.4 min
    810/1470   run_id 8013    8.9s  elapsed 108.3 min  eta  88.2 min
    820/1470   run_id 8023    9.1s  elapsed 109.8 min  eta  86.9 min
    830/1470   run_id 8033    9.1s  elapsed 111.3 min  eta  85.7 min
    840/1470   run_id 8190    8.7s  elapsed 112.8 min  eta  84.5 min
    850/1470   run_id 8200    8.4s  elapsed 114.2 min  eta  83.2 min
    860/1470   run_id 8210    8.6s  elapsed 115.6 min  eta  81.9 min
    870/1470   run_id 8220    8.8s  elapsed 117.0 min  eta  80.6 min
    880/1470   run_id 8230    8.5s  elapsed 118.5 min  eta  79.3 min
    890/1470   run_id 8387    8.5s  elapsed 119.9 min  eta  78.0 min
    900/1470   run_id 8397    8.8s  elapsed 121.3 min  eta  76.7 min
    910/1470   run_id 8407    8.8s  elapsed 122.7 min  eta  75.4 min
    920/1470   run_id 8417    8.7s  elapsed 124.2 min  eta  74.2 min
    930/1470   run_id 8427    8.7s  elapsed 125.7 min  eta  72.9 min
    940/1470   run_id 8584    5.7s  elapsed 126.9 min  eta  71.5 min
    950/1470   run_id 8594    5.4s  elapsed 127.9 min  eta  69.9 min
    960/1470   run_id 8604    5.3s  elapsed 128.9 min  eta  68.4 min
    970/1470   run_id 8614    3.8s  elapsed 129.5 min  eta  66.6 min
    980/1470   run_id 8624    5.1s  elapsed 130.3 min  eta  65.1 min
    990/1470   run_id 8781    5.4s  elapsed 131.2 min  eta  63.5 min
   1000/1470   run_id 8791    5.6s  elapsed 132.1 min  eta  62.0 min
   1010/1470   run_id 8801    5.7s  elapsed 133.1 min  eta  60.5 min
   1020/1470   run_id 8811    5.1s  elapsed 134.0 min  eta  59.0 min
   1030/1470   run_id 8968    5.3s  elapsed 134.8 min  eta  57.5 min
   1040/1470   run_id 8978    5.4s  elapsed 135.7 min  eta  56.0 min
   1050/1470   run_id 8988    5.4s  elapsed 136.6 min  eta  54.6 min
   1060/1470   run_id 8998    5.3s  elapsed 137.5 min  eta  53.1 min
   1070/1470   run_id 9008    5.5s  elapsed 138.5 min  eta  51.7 min
   1080/1470   run_id 9165    6.3s  elapsed 139.4 min  eta  50.3 min
   1090/1470   run_id 9175    5.8s  elapsed 140.4 min  eta  48.9 min
   1100/1470   run_id 9185    5.6s  elapsed 141.4 min  eta  47.5 min
   1110/1470   run_id 9195    5.4s  elapsed 142.3 min  eta  46.1 min
   1120/1470   run_id 9205    5.4s  elapsed 143.2 min  eta  44.7 min
   1130/1470   run_id 9362    5.6s  elapsed 144.1 min  eta  43.3 min
   1140/1470   run_id 9372    5.7s  elapsed 145.1 min  eta  41.9 min
   1150/1470   run_id 9382    5.8s  elapsed 146.0 min  eta  40.6 min
   1160/1470   run_id 9392    5.4s  elapsed 147.0 min  eta  39.2 min
   1170/1470   run_id 9402    5.4s  elapsed 147.9 min  eta  37.9 min
   1180/1470   run_id 9559    5.2s  elapsed 148.8 min  eta  36.5 min
   1190/1470   run_id 9569    5.9s  elapsed 149.7 min  eta  35.2 min
   1200/1470   run_id 9579    5.8s  elapsed 150.7 min  eta  33.9 min
   1210/1470   run_id 9589    5.7s  elapsed 151.6 min  eta  32.5 min
   1220/1470   run_id 9599    5.5s  elapsed 152.5 min  eta  31.2 min
   1230/1470   run_id 9756    5.6s  elapsed 153.4 min  eta  29.9 min
   1240/1470   run_id 9766    5.7s  elapsed 154.4 min  eta  28.6 min
   1250/1470   run_id 9776    5.3s  elapsed 155.3 min  eta  27.3 min
   1260/1470   run_id 9786    5.6s  elapsed 156.3 min  eta  26.0 min
   1270/1470   run_id 9796    5.1s  elapsed 157.2 min  eta  24.7 min
   1280/1470   run_id 9953    5.8s  elapsed 158.1 min  eta  23.4 min
   1290/1470   run_id 9963    5.3s  elapsed 159.0 min  eta  22.2 min
   1300/1470   run_id 9973    5.1s  elapsed 159.9 min  eta  20.9 min
   1310/1470   run_id 9983    5.6s  elapsed 160.8 min  eta  19.6 min
   1320/1470   run_id 9993    5.8s  elapsed 161.7 min  eta  18.3 min
   1330/1470   run_id 10150   5.4s  elapsed 162.6 min  eta  17.1 min
   1340/1470   run_id 10160   5.2s  elapsed 163.5 min  eta  15.8 min
   1350/1470   run_id 10170   5.6s  elapsed 164.5 min  eta  14.6 min
   1360/1470   run_id 10180   5.6s  elapsed 165.4 min  eta  13.4 min
   1370/1470   run_id 10190   5.7s  elapsed 166.3 min  eta  12.1 min
   1380/1470   run_id 10347   5.5s  elapsed 167.3 min  eta  10.9 min
   1390/1470   run_id 10357   5.6s  elapsed 168.2 min  eta   9.7 min
   1400/1470   run_id 10367   5.1s  elapsed 169.1 min  eta   8.4 min
   1410/1470   run_id 10377   5.6s  elapsed 170.0 min  eta   7.2 min
   1420/1470   run_id 10387   5.8s  elapsed 170.9 min  eta   6.0 min
   1430/1470   run_id 10544   5.6s  elapsed 171.9 min  eta   4.8 min
   1440/1470   run_id 10554   5.3s  elapsed 172.8 min  eta   3.6 min
   1450/1470   run_id 10564   5.3s  elapsed 173.7 min  eta   2.4 min
   1460/1470   run_id 10574   5.4s  elapsed 174.6 min  eta   1.2 min
   1470/1470   run_id 10584   5.5s  elapsed 175.6 min  eta   0.0 min

worker 4 finished 1470 runs in 175.6 min (mean 7.2 s/run)
