project root: C:\Users\prasa\OneDrive\Desktop\Btech_Final_year_project
added scripts/ and model/ to the MATLAB path
=== worker 1 of 4 ===
    assigned 1470 runs, 0 already done, 1470 to do
    accelerator cache: C:\Users\prasa\OneDrive\Desktop\Btech_Final_year_project\cache_w1
      1/1470   run_id 4705   45.3s  elapsed   0.8 min  eta 1108.8 min
     10/1470   run_id 4714    7.4s  elapsed   2.0 min  eta 283.8 min
     20/1470   run_id 4724   16.0s  elapsed   4.5 min  eta 321.5 min
     30/1470   run_id 4734   15.4s  elapsed   7.2 min  eta 342.9 min
     40/1470   run_id 4744    7.7s  elapsed   9.4 min  eta 333.8 min
     50/1470   run_id 4901    4.1s  elapsed  10.1 min  eta 286.4 min
     60/1470   run_id 4911    3.9s  elapsed  10.8 min  eta 253.3 min
     70/1470   run_id 4921    6.3s  elapsed  11.8 min  eta 234.6 min
     80/1470   run_id 4931    6.0s  elapsed  12.8 min  eta 221.7 min
     90/1470   run_id 4941    6.2s  elapsed  13.8 min  eta 211.2 min
    100/1470   run_id 5098    6.0s  elapsed  14.8 min  eta 202.4 min
    110/1470   run_id 5108    5.7s  elapsed  15.8 min  eta 194.5 min
    120/1470   run_id 5118    5.8s  elapsed  16.7 min  eta 187.7 min
    130/1470   run_id 5128    5.9s  elapsed  17.7 min  eta 182.3 min
    140/1470   run_id 5138    6.0s  elapsed  18.7 min  eta 177.1 min
    150/1470   run_id 5295    5.7s  elapsed  19.7 min  eta 172.8 min
    160/1470   run_id 5305    3.9s  elapsed  20.4 min  eta 166.9 min
    170/1470   run_id 5315    6.2s  elapsed  21.2 min  eta 161.9 min
    180/1470   run_id 5325    5.7s  elapsed  22.2 min  eta 159.0 min
    190/1470   run_id 5335    5.6s  elapsed  23.2 min  eta 156.3 min
    200/1470   run_id 5492    5.7s  elapsed  24.2 min  eta 153.5 min
    210/1470   run_id 5502    6.2s  elapsed  25.2 min  eta 151.1 min
    220/1470   run_id 5512    5.5s  elapsed  26.2 min  eta 148.5 min
    230/1470   run_id 5522    6.0s  elapsed  27.2 min  eta 146.1 min
    240/1470   run_id 5532    6.3s  elapsed  28.2 min  eta 144.0 min
    250/1470   run_id 5689    6.8s  elapsed  29.2 min  eta 142.4 min
    260/1470   run_id 5699    6.7s  elapsed  30.4 min  eta 141.0 min
    270/1470   run_id 5709    6.6s  elapsed  31.5 min  eta 139.7 min
    280/1470   run_id 5719    8.4s  elapsed  32.8 min  eta 139.2 min
    290/1470   run_id 5729    9.2s  elapsed  34.3 min  eta 139.2 min
    300/1470   run_id 5886    9.0s  elapsed  35.8 min  eta 139.3 min
    310/1470   run_id 5896    9.1s  elapsed  37.2 min  eta 139.1 min
    320/1470   run_id 5906    8.9s  elapsed  38.7 min  eta 138.8 min
    330/1470   run_id 5916    9.0s  elapsed  40.2 min  eta 138.5 min
    340/1470   run_id 5926    8.9s  elapsed  41.7 min  eta 138.5 min
    350/1470   run_id 6083    8.8s  elapsed  43.3 min  eta 138.2 min
    360/1470   run_id 6093    8.7s  elapsed  44.7 min  eta 137.7 min
    370/1470   run_id 6103    9.2s  elapsed  46.2 min  eta 137.2 min
    380/1470   run_id 6113    9.4s  elapsed  47.8 min  eta 136.7 min
    390/1470   run_id 6123    9.7s  elapsed  49.4 min  eta 136.5 min
    400/1470   run_id 6280    9.4s  elapsed  50.9 min  eta 136.1 min
    410/1470   run_id 6290    9.2s  elapsed  52.5 min  eta 135.5 min
    420/1470   run_id 6300    9.1s  elapsed  54.0 min  eta 134.8 min
    430/1470   run_id 6310    8.9s  elapsed  55.5 min  eta 134.0 min
    440/1470   run_id 6320    8.8s  elapsed  57.0 min  eta 133.1 min
    450/1470   run_id 6477    8.3s  elapsed  58.4 min  eta 132.2 min
    460/1470   run_id 6487    9.0s  elapsed  59.9 min  eta 131.2 min
    470/1470   run_id 6497    9.7s  elapsed  61.4 min  eta 130.4 min
    480/1470   run_id 6507    7.2s  elapsed  62.8 min  eta 129.3 min
    490/1470   run_id 6517    6.6s  elapsed  63.9 min  eta 127.7 min
    500/1470   run_id 6674    7.3s  elapsed  65.0 min  eta 126.0 min
    510/1470   run_id 6684    7.3s  elapsed  66.3 min  eta 124.6 min
    520/1470   run_id 6694    8.3s  elapsed  67.7 min  eta 123.4 min
    530/1470   run_id 6704    9.1s  elapsed  69.1 min  eta 122.4 min
    540/1470   run_id 6861    8.7s  elapsed  70.6 min  eta 121.4 min
    550/1470   run_id 6871    8.7s  elapsed  72.1 min  eta 120.4 min
    560/1470   run_id 6881    9.0s  elapsed  73.6 min  eta 119.4 min
    570/1470   run_id 6891    8.8s  elapsed  75.1 min  eta 118.3 min
    580/1470   run_id 6901    8.5s  elapsed  76.5 min  eta 117.2 min
    590/1470   run_id 7058    9.4s  elapsed  78.0 min  eta 116.2 min
    600/1470   run_id 7068    8.8s  elapsed  79.5 min  eta 115.2 min
    610/1470   run_id 7078    8.7s  elapsed  81.0 min  eta 114.1 min
    620/1470   run_id 7088    8.5s  elapsed  82.5 min  eta 112.9 min
    630/1470   run_id 7098    8.4s  elapsed  83.9 min  eta 111.7 min
    640/1470   run_id 7255    9.0s  elapsed  85.3 min  eta 110.5 min
    650/1470   run_id 7265    9.2s  elapsed  86.8 min  eta 109.3 min
    660/1470   run_id 7275    8.7s  elapsed  88.3 min  eta 108.2 min
    670/1470   run_id 7285    8.2s  elapsed  89.7 min  eta 107.0 min
    680/1470   run_id 7295    8.6s  elapsed  91.2 min  eta 105.8 min
    690/1470   run_id 7452    8.4s  elapsed  92.6 min  eta 104.5 min
    700/1470   run_id 7462    7.1s  elapsed  94.0 min  eta 103.2 min
    710/1470   run_id 7472    7.2s  elapsed  95.2 min  eta 101.7 min
    720/1470   run_id 7482    7.1s  elapsed  96.3 min  eta 100.2 min
    730/1470   run_id 7492    7.0s  elapsed  97.5 min  eta  98.7 min
    740/1470   run_id 7649    7.3s  elapsed  98.7 min  eta  97.2 min
    750/1470   run_id 7659    8.2s  elapsed 100.0 min  eta  95.9 min
    760/1470   run_id 7669    8.5s  elapsed 101.4 min  eta  94.6 min
    770/1470   run_id 7679    9.3s  elapsed 102.9 min  eta  93.4 min
    780/1470   run_id 7689    8.5s  elapsed 104.4 min  eta  92.2 min
    790/1470   run_id 7846    8.6s  elapsed 105.8 min  eta  90.9 min
    800/1470   run_id 7856    8.4s  elapsed 107.2 min  eta  89.7 min
    810/1470   run_id 7866    8.3s  elapsed 108.7 min  eta  88.4 min
    820/1470   run_id 7876    9.0s  elapsed 110.1 min  eta  87.2 min
    830/1470   run_id 7886    9.3s  elapsed 111.6 min  eta  85.9 min
    840/1470   run_id 8043    8.6s  elapsed 113.1 min  eta  84.7 min
    850/1470   run_id 8053    8.7s  elapsed 114.5 min  eta  83.4 min
    860/1470   run_id 8063    8.4s  elapsed 115.9 min  eta  82.1 min
    870/1470   run_id 8073    8.7s  elapsed 117.4 min  eta  80.8 min
    880/1470   run_id 8083    8.6s  elapsed 118.8 min  eta  79.5 min
    890/1470   run_id 8240    8.1s  elapsed 120.2 min  eta  78.2 min
    900/1470   run_id 8250    8.6s  elapsed 121.6 min  eta  76.9 min
    910/1470   run_id 8260    9.0s  elapsed 123.1 min  eta  75.6 min
    920/1470   run_id 8270    8.8s  elapsed 124.6 min  eta  74.4 min
    930/1470   run_id 8280    8.5s  elapsed 126.0 min  eta  73.1 min
    940/1470   run_id 8437    5.4s  elapsed 127.1 min  eta  71.6 min
    950/1470   run_id 8447    6.9s  elapsed 128.2 min  eta  70.0 min
    960/1470   run_id 8457    3.8s  elapsed 129.0 min  eta  68.4 min
    970/1470   run_id 8467    4.1s  elapsed 129.7 min  eta  66.7 min
    980/1470   run_id 8477    5.3s  elapsed 130.5 min  eta  65.2 min
    990/1470   run_id 8634    5.4s  elapsed 131.4 min  eta  63.6 min
   1000/1470   run_id 8644    5.9s  elapsed 132.4 min  eta  62.1 min
   1010/1470   run_id 8654    5.4s  elapsed 133.4 min  eta  60.7 min
   1020/1470   run_id 8664    5.1s  elapsed 134.3 min  eta  59.1 min
   1030/1470   run_id 8821    5.3s  elapsed 135.2 min  eta  57.7 min
   1040/1470   run_id 8831    5.3s  elapsed 136.0 min  eta  56.2 min
   1050/1470   run_id 8841    5.4s  elapsed 136.9 min  eta  54.7 min
   1060/1470   run_id 8851    5.6s  elapsed 137.8 min  eta  53.2 min
   1070/1470   run_id 8861    5.6s  elapsed 138.8 min  eta  51.8 min
   1080/1470   run_id 9018    6.2s  elapsed 139.8 min  eta  50.4 min
   1090/1470   run_id 9028    5.9s  elapsed 140.7 min  eta  49.0 min
   1100/1470   run_id 9038    5.6s  elapsed 141.7 min  eta  47.6 min
   1110/1470   run_id 9048    5.7s  elapsed 142.6 min  eta  46.2 min
   1120/1470   run_id 9058    5.4s  elapsed 143.5 min  eta  44.8 min
   1130/1470   run_id 9215    5.6s  elapsed 144.4 min  eta  43.4 min
   1140/1470   run_id 9225    5.8s  elapsed 145.4 min  eta  42.0 min
   1150/1470   run_id 9235    5.7s  elapsed 146.3 min  eta  40.7 min
   1160/1470   run_id 9245    5.4s  elapsed 147.3 min  eta  39.3 min
   1170/1470   run_id 9255    5.7s  elapsed 148.2 min  eta  37.9 min
   1180/1470   run_id 9412    5.5s  elapsed 149.1 min  eta  36.6 min
   1190/1470   run_id 9422    6.4s  elapsed 150.1 min  eta  35.3 min
   1200/1470   run_id 9432    5.2s  elapsed 151.1 min  eta  33.9 min
   1210/1470   run_id 9442    5.3s  elapsed 152.0 min  eta  32.6 min
   1220/1470   run_id 9452    5.6s  elapsed 152.9 min  eta  31.3 min
   1230/1470   run_id 9609    5.7s  elapsed 153.8 min  eta  30.0 min
   1240/1470   run_id 9619    5.7s  elapsed 154.8 min  eta  28.7 min
   1250/1470   run_id 9629    5.5s  elapsed 155.7 min  eta  27.4 min
   1260/1470   run_id 9639    5.6s  elapsed 156.7 min  eta  26.1 min
   1270/1470   run_id 9649    5.7s  elapsed 157.6 min  eta  24.8 min
   1280/1470   run_id 9806    5.5s  elapsed 158.5 min  eta  23.5 min
   1290/1470   run_id 9816    5.3s  elapsed 159.4 min  eta  22.2 min
   1300/1470   run_id 9826    5.4s  elapsed 160.3 min  eta  20.9 min
   1310/1470   run_id 9836    5.7s  elapsed 161.2 min  eta  19.7 min
   1320/1470   run_id 9846    5.7s  elapsed 162.2 min  eta  18.4 min
   1330/1470   run_id 10003   6.2s  elapsed 163.1 min  eta  17.1 min
   1340/1470   run_id 10013   5.2s  elapsed 164.0 min  eta  15.9 min
   1350/1470   run_id 10023   5.6s  elapsed 164.9 min  eta  14.6 min
   1360/1470   run_id 10033   5.4s  elapsed 165.9 min  eta  13.4 min
   1370/1470   run_id 10043   5.6s  elapsed 166.8 min  eta  12.2 min
   1380/1470   run_id 10200   5.7s  elapsed 167.7 min  eta  10.9 min
   1390/1470   run_id 10210   5.5s  elapsed 168.6 min  eta   9.7 min
   1400/1470   run_id 10220   5.3s  elapsed 169.5 min  eta   8.5 min
   1410/1470   run_id 10230   5.8s  elapsed 170.5 min  eta   7.2 min
   1420/1470   run_id 10240   5.7s  elapsed 171.4 min  eta   6.0 min
   1430/1470   run_id 10397   5.4s  elapsed 172.3 min  eta   4.8 min
   1440/1470   run_id 10407   5.6s  elapsed 173.3 min  eta   3.6 min
   1450/1470   run_id 10417   5.5s  elapsed 174.2 min  eta   2.4 min
   1460/1470   run_id 10427   5.6s  elapsed 175.1 min  eta   1.2 min
   1470/1470   run_id 10437   4.2s  elapsed 176.0 min  eta   0.0 min

worker 1 finished 1470 runs in 176.0 min (mean 7.2 s/run)
