project root: C:\Users\prasa\OneDrive\Desktop\Btech_Final_year_project
added scripts/ and model/ to the MATLAB path
=== worker 3 of 4 ===
    assigned 1470 runs, 0 already done, 1470 to do
    accelerator cache: C:\Users\prasa\OneDrive\Desktop\Btech_Final_year_project\cache_w3
      1/1470   run_id 4803   45.3s  elapsed   0.8 min  eta 1108.8 min
     10/1470   run_id 4812    7.3s  elapsed   2.0 min  eta 284.4 min
     20/1470   run_id 4822   15.9s  elapsed   4.5 min  eta 321.2 min
     30/1470   run_id 4832   15.3s  elapsed   7.2 min  eta 342.5 min
     40/1470   run_id 4842    7.7s  elapsed   9.4 min  eta 333.4 min
     50/1470   run_id 4999    4.1s  elapsed  10.1 min  eta 286.2 min
     60/1470   run_id 5009    3.9s  elapsed  10.8 min  eta 253.2 min
     70/1470   run_id 5019    6.3s  elapsed  11.8 min  eta 234.5 min
     80/1470   run_id 5029    6.1s  elapsed  12.8 min  eta 221.7 min
     90/1470   run_id 5039    6.1s  elapsed  13.8 min  eta 211.2 min
    100/1470   run_id 5196    6.1s  elapsed  14.8 min  eta 202.3 min
    110/1470   run_id 5206    5.7s  elapsed  15.8 min  eta 194.5 min
    120/1470   run_id 5216    5.7s  elapsed  16.7 min  eta 187.7 min
    130/1470   run_id 5226    5.7s  elapsed  17.7 min  eta 182.3 min
    140/1470   run_id 5236    6.1s  elapsed  18.7 min  eta 177.1 min
    150/1470   run_id 5393    6.0s  elapsed  19.7 min  eta 172.8 min
    160/1470   run_id 5403    3.9s  elapsed  20.4 min  eta 166.9 min
    170/1470   run_id 5413    6.2s  elapsed  21.2 min  eta 161.9 min
    180/1470   run_id 5423    5.7s  elapsed  22.2 min  eta 159.0 min
    190/1470   run_id 5433    5.9s  elapsed  23.3 min  eta 156.4 min
    200/1470   run_id 5590    5.8s  elapsed  24.2 min  eta 153.5 min
    210/1470   run_id 5600    6.1s  elapsed  25.2 min  eta 151.1 min
    220/1470   run_id 5610    5.6s  elapsed  26.2 min  eta 148.5 min
    230/1470   run_id 5620    6.0s  elapsed  27.2 min  eta 146.2 min
    240/1470   run_id 5630    6.0s  elapsed  28.2 min  eta 144.1 min
    250/1470   run_id 5787    6.8s  elapsed  29.2 min  eta 142.4 min
    260/1470   run_id 5797    6.7s  elapsed  30.4 min  eta 141.1 min
    270/1470   run_id 5807    6.6s  elapsed  31.5 min  eta 139.8 min
    280/1470   run_id 5817    8.6s  elapsed  32.9 min  eta 139.4 min
    290/1470   run_id 5827    9.2s  elapsed  34.3 min  eta 139.3 min
    300/1470   run_id 5984    9.1s  elapsed  35.8 min  eta 139.4 min
    310/1470   run_id 5994    9.0s  elapsed  37.3 min  eta 139.2 min
    320/1470   run_id 6004    8.9s  elapsed  38.7 min  eta 138.9 min
    330/1470   run_id 6014    9.2s  elapsed  40.2 min  eta 138.7 min
    340/1470   run_id 6024    8.9s  elapsed  41.8 min  eta 138.6 min
    350/1470   run_id 6181    8.8s  elapsed  43.3 min  eta 138.3 min
    360/1470   run_id 6191    8.6s  elapsed  44.8 min  eta 137.8 min
    370/1470   run_id 6201    9.2s  elapsed  46.3 min  eta 137.3 min
    380/1470   run_id 6211    9.7s  elapsed  47.8 min  eta 136.8 min
    390/1470   run_id 6221    9.7s  elapsed  49.4 min  eta 136.6 min
    400/1470   run_id 6378    9.1s  elapsed  51.0 min  eta 136.1 min
    410/1470   run_id 6388    9.4s  elapsed  52.5 min  eta 135.5 min
    420/1470   run_id 6398    9.1s  elapsed  54.0 min  eta 134.9 min
    430/1470   run_id 6408    8.9s  elapsed  55.5 min  eta 134.1 min
    440/1470   run_id 6418    8.9s  elapsed  57.0 min  eta 133.2 min
    450/1470   run_id 6575    8.3s  elapsed  58.4 min  eta 132.2 min
    460/1470   run_id 6585    9.1s  elapsed  59.9 min  eta 131.3 min
    470/1470   run_id 6595    9.7s  elapsed  61.4 min  eta 130.5 min
    480/1470   run_id 6605    7.2s  elapsed  62.8 min  eta 129.4 min
    490/1470   run_id 6615    6.6s  elapsed  64.0 min  eta 127.7 min
    500/1470   run_id 6772    8.4s  elapsed  65.1 min  eta 126.1 min
    510/1470   run_id 6782    7.2s  elapsed  66.3 min  eta 124.6 min
    520/1470   run_id 6792    8.4s  elapsed  67.7 min  eta 123.5 min
    530/1470   run_id 6802    8.9s  elapsed  69.2 min  eta 122.5 min
    540/1470   run_id 6959    8.7s  elapsed  70.7 min  eta 121.5 min
    550/1470   run_id 6969    8.6s  elapsed  72.1 min  eta 120.5 min
    560/1470   run_id 6979    8.9s  elapsed  73.7 min  eta 119.5 min
    570/1470   run_id 6989    8.9s  elapsed  75.1 min  eta 118.4 min
    580/1470   run_id 6999    8.5s  elapsed  76.6 min  eta 117.3 min
    590/1470   run_id 7156    9.5s  elapsed  78.1 min  eta 116.3 min
    600/1470   run_id 7166    8.7s  elapsed  79.6 min  eta 115.2 min
    610/1470   run_id 7176    8.6s  elapsed  81.1 min  eta 114.1 min
    620/1470   run_id 7186    8.6s  elapsed  82.5 min  eta 112.9 min
    630/1470   run_id 7196    8.5s  elapsed  83.9 min  eta 111.7 min
    640/1470   run_id 7353    8.9s  elapsed  85.4 min  eta 110.5 min
    650/1470   run_id 7363    9.4s  elapsed  86.9 min  eta 109.4 min
    660/1470   run_id 7373    8.9s  elapsed  88.4 min  eta 108.3 min
    670/1470   run_id 7383    8.2s  elapsed  89.8 min  eta 107.0 min
    680/1470   run_id 7393    8.4s  elapsed  91.2 min  eta 105.8 min
    690/1470   run_id 7550    8.4s  elapsed  92.7 min  eta 104.6 min
    700/1470   run_id 7560    7.1s  elapsed  94.0 min  eta 103.3 min
    710/1470   run_id 7570    7.2s  elapsed  95.2 min  eta 101.8 min
    720/1470   run_id 7580    7.1s  elapsed  96.4 min  eta 100.3 min
    730/1470   run_id 7590    7.1s  elapsed  97.6 min  eta  98.7 min
    740/1470   run_id 7747    7.2s  elapsed  98.7 min  eta  97.3 min
    750/1470   run_id 7757    8.3s  elapsed 100.1 min  eta  95.9 min
    760/1470   run_id 7767    8.5s  elapsed 101.5 min  eta  94.7 min
    770/1470   run_id 7777    9.3s  elapsed 103.0 min  eta  93.5 min
    780/1470   run_id 7787    8.7s  elapsed 104.5 min  eta  92.3 min
    790/1470   run_id 7944    8.7s  elapsed 105.9 min  eta  91.0 min
    800/1470   run_id 7954    8.2s  elapsed 107.3 min  eta  89.7 min
    810/1470   run_id 7964    8.3s  elapsed 108.7 min  eta  88.5 min
    820/1470   run_id 7974    9.1s  elapsed 110.2 min  eta  87.2 min
    830/1470   run_id 7984    9.1s  elapsed 111.7 min  eta  86.0 min
    840/1470   run_id 8141    8.6s  elapsed 113.2 min  eta  84.7 min
    850/1470   run_id 8151    8.6s  elapsed 114.6 min  eta  83.5 min
    860/1470   run_id 8161    8.4s  elapsed 116.0 min  eta  82.2 min
    870/1470   run_id 8171    8.8s  elapsed 117.5 min  eta  80.9 min
    880/1470   run_id 8181    8.4s  elapsed 118.9 min  eta  79.6 min
    890/1470   run_id 8338    8.3s  elapsed 120.3 min  eta  78.3 min
    900/1470   run_id 8348    8.5s  elapsed 121.7 min  eta  77.0 min
    910/1470   run_id 8358    9.0s  elapsed 123.2 min  eta  75.7 min
    920/1470   run_id 8368    9.0s  elapsed 124.7 min  eta  74.4 min
    930/1470   run_id 8378    8.4s  elapsed 126.2 min  eta  73.1 min
    940/1470   run_id 8535    5.8s  elapsed 127.2 min  eta  71.6 min
    950/1470   run_id 8545    6.4s  elapsed 128.3 min  eta  70.1 min
    960/1470   run_id 8555    3.7s  elapsed 129.1 min  eta  68.5 min
    970/1470   run_id 8565    4.0s  elapsed 129.7 min  eta  66.8 min
    980/1470   run_id 8575    5.3s  elapsed 130.6 min  eta  65.2 min
    990/1470   run_id 8732    5.1s  elapsed 131.5 min  eta  63.7 min
   1000/1470   run_id 8742    5.9s  elapsed 132.4 min  eta  62.1 min
   1010/1470   run_id 8752    5.3s  elapsed 133.4 min  eta  60.7 min
   1020/1470   run_id 8762    5.1s  elapsed 134.3 min  eta  59.1 min
   1030/1470   run_id 8919    5.3s  elapsed 135.2 min  eta  57.7 min
   1040/1470   run_id 8929    5.4s  elapsed 136.1 min  eta  56.2 min
   1050/1470   run_id 8939    5.4s  elapsed 137.0 min  eta  54.7 min
   1060/1470   run_id 8949    6.0s  elapsed 137.9 min  eta  53.2 min
   1070/1470   run_id 8959    5.5s  elapsed 138.8 min  eta  51.8 min
   1080/1470   run_id 9116    6.1s  elapsed 139.8 min  eta  50.4 min
   1090/1470   run_id 9126    5.8s  elapsed 140.8 min  eta  49.0 min
   1100/1470   run_id 9136    5.5s  elapsed 141.8 min  eta  47.6 min
   1110/1470   run_id 9146    5.7s  elapsed 142.7 min  eta  46.2 min
   1120/1470   run_id 9156    5.5s  elapsed 143.6 min  eta  44.8 min
   1130/1470   run_id 9313    5.6s  elapsed 144.5 min  eta  43.4 min
   1140/1470   run_id 9323    5.6s  elapsed 145.5 min  eta  42.0 min
   1150/1470   run_id 9333    5.7s  elapsed 146.4 min  eta  40.7 min
   1160/1470   run_id 9343    5.4s  elapsed 147.3 min  eta  39.3 min
   1170/1470   run_id 9353    5.5s  elapsed 148.3 min  eta  38.0 min
   1180/1470   run_id 9510    5.6s  elapsed 149.2 min  eta  36.6 min
   1190/1470   run_id 9520    5.8s  elapsed 150.2 min  eta  35.3 min
   1200/1470   run_id 9530    5.2s  elapsed 151.1 min  eta  34.0 min
   1210/1470   run_id 9540    5.3s  elapsed 152.0 min  eta  32.6 min
   1220/1470   run_id 9550    5.3s  elapsed 152.9 min  eta  31.3 min
   1230/1470   run_id 9707    5.7s  elapsed 153.9 min  eta  30.0 min
   1240/1470   run_id 9717    5.6s  elapsed 154.8 min  eta  28.7 min
   1250/1470   run_id 9727    5.5s  elapsed 155.8 min  eta  27.4 min
   1260/1470   run_id 9737    5.6s  elapsed 156.7 min  eta  26.1 min
   1270/1470   run_id 9747    5.5s  elapsed 157.6 min  eta  24.8 min
   1280/1470   run_id 9904    5.4s  elapsed 158.5 min  eta  23.5 min
   1290/1470   run_id 9914    5.3s  elapsed 159.4 min  eta  22.2 min
   1300/1470   run_id 9924    5.4s  elapsed 160.3 min  eta  20.9 min
   1310/1470   run_id 9934    5.6s  elapsed 161.2 min  eta  19.7 min
   1320/1470   run_id 9944    5.8s  elapsed 162.2 min  eta  18.4 min
   1330/1470   run_id 10101   6.2s  elapsed 163.1 min  eta  17.1 min
   1340/1470   run_id 10111   5.2s  elapsed 164.0 min  eta  15.9 min
   1350/1470   run_id 10121   5.5s  elapsed 164.9 min  eta  14.6 min
   1360/1470   run_id 10131   5.6s  elapsed 165.8 min  eta  13.4 min
   1370/1470   run_id 10141   5.6s  elapsed 166.8 min  eta  12.2 min
   1380/1470   run_id 10298   5.5s  elapsed 167.7 min  eta  10.9 min
   1390/1470   run_id 10308   5.3s  elapsed 168.6 min  eta   9.7 min
   1400/1470   run_id 10318   5.0s  elapsed 169.4 min  eta   8.5 min
   1410/1470   run_id 10328   5.8s  elapsed 170.4 min  eta   7.2 min
   1420/1470   run_id 10338   5.7s  elapsed 171.3 min  eta   6.0 min
   1430/1470   run_id 10495   5.5s  elapsed 172.3 min  eta   4.8 min
   1440/1470   run_id 10505   5.7s  elapsed 173.2 min  eta   3.6 min
   1450/1470   run_id 10515   5.2s  elapsed 174.1 min  eta   2.4 min
   1460/1470   run_id 10525   5.3s  elapsed 175.0 min  eta   1.2 min
   1470/1470   run_id 10535   5.0s  elapsed 175.9 min  eta   0.0 min

worker 3 finished 1470 runs in 176.0 min (mean 7.2 s/run)
