project root: C:\Users\prasa\OneDrive\Desktop\Btech_Final_year_project
added scripts/ and model/ to the MATLAB path
=== worker 2 of 4 ===
    assigned 1470 runs, 0 already done, 1470 to do
    accelerator cache: C:\Users\prasa\OneDrive\Desktop\Btech_Final_year_project\cache_w2
      1/1470   run_id 4754   45.3s  elapsed   0.8 min  eta 1109.0 min
     10/1470   run_id 4763    7.3s  elapsed   2.0 min  eta 284.5 min
     20/1470   run_id 4773   15.8s  elapsed   4.5 min  eta 321.6 min
     30/1470   run_id 4783   15.4s  elapsed   7.2 min  eta 342.7 min
     40/1470   run_id 4793    7.7s  elapsed   9.4 min  eta 333.3 min
     50/1470   run_id 4950    4.1s  elapsed  10.1 min  eta 286.0 min
     60/1470   run_id 4960    3.9s  elapsed  10.8 min  eta 253.0 min
     70/1470   run_id 4970    6.5s  elapsed  11.8 min  eta 234.3 min
     80/1470   run_id 4980    5.9s  elapsed  12.8 min  eta 221.4 min
     90/1470   run_id 4990    6.2s  elapsed  13.8 min  eta 211.0 min
    100/1470   run_id 5147    5.9s  elapsed  14.8 min  eta 202.2 min
    110/1470   run_id 5157    5.7s  elapsed  15.8 min  eta 194.4 min
    120/1470   run_id 5167    5.8s  elapsed  16.7 min  eta 187.6 min
    130/1470   run_id 5177    5.9s  elapsed  17.7 min  eta 182.1 min
    140/1470   run_id 5187    6.1s  elapsed  18.7 min  eta 177.0 min
    150/1470   run_id 5344    5.9s  elapsed  19.7 min  eta 172.7 min
    160/1470   run_id 5354    3.9s  elapsed  20.4 min  eta 166.8 min
    170/1470   run_id 5364    6.3s  elapsed  21.2 min  eta 161.8 min
    180/1470   run_id 5374    5.6s  elapsed  22.2 min  eta 158.9 min
    190/1470   run_id 5384    5.8s  elapsed  23.3 min  eta 156.3 min
    200/1470   run_id 5541    5.6s  elapsed  24.2 min  eta 153.5 min
    210/1470   run_id 5551    6.2s  elapsed  25.2 min  eta 151.1 min
    220/1470   run_id 5561    5.4s  elapsed  26.2 min  eta 148.5 min
    230/1470   run_id 5571    6.0s  elapsed  27.2 min  eta 146.2 min
    240/1470   run_id 5581    6.1s  elapsed  28.2 min  eta 144.0 min
    250/1470   run_id 5738    7.0s  elapsed  29.2 min  eta 142.4 min
    260/1470   run_id 5748    6.8s  elapsed  30.4 min  eta 141.1 min
    270/1470   run_id 5758    6.7s  elapsed  31.5 min  eta 139.8 min
    280/1470   run_id 5768    8.5s  elapsed  32.9 min  eta 139.3 min
    290/1470   run_id 5778    9.2s  elapsed  34.3 min  eta 139.3 min
    300/1470   run_id 5935    9.1s  elapsed  35.8 min  eta 139.4 min
    310/1470   run_id 5945    8.9s  elapsed  37.3 min  eta 139.2 min
    320/1470   run_id 5955    9.0s  elapsed  38.7 min  eta 138.9 min
    330/1470   run_id 5965    9.1s  elapsed  40.2 min  eta 138.7 min
    340/1470   run_id 5975    8.8s  elapsed  41.8 min  eta 138.6 min
    350/1470   run_id 6132    8.9s  elapsed  43.3 min  eta 138.3 min
    360/1470   run_id 6142    8.7s  elapsed  44.8 min  eta 137.8 min
    370/1470   run_id 6152    9.2s  elapsed  46.3 min  eta 137.2 min
    380/1470   run_id 6162    9.6s  elapsed  47.8 min  eta 136.8 min
    390/1470   run_id 6172    9.9s  elapsed  49.4 min  eta 136.5 min
    400/1470   run_id 6329    9.2s  elapsed  51.0 min  eta 136.1 min
    410/1470   run_id 6339    9.3s  elapsed  52.5 min  eta 135.5 min
    420/1470   run_id 6349    9.0s  elapsed  54.0 min  eta 134.8 min
    430/1470   run_id 6359    8.7s  elapsed  55.5 min  eta 134.0 min
    440/1470   run_id 6369    8.9s  elapsed  57.0 min  eta 133.1 min
    450/1470   run_id 6526    8.3s  elapsed  58.4 min  eta 132.2 min
    460/1470   run_id 6536    9.1s  elapsed  59.9 min  eta 131.3 min
    470/1470   run_id 6546    9.7s  elapsed  61.4 min  eta 130.5 min
    480/1470   run_id 6556    7.1s  elapsed  62.8 min  eta 129.4 min
    490/1470   run_id 6566    6.7s  elapsed  64.0 min  eta 127.7 min
    500/1470   run_id 6723    8.4s  elapsed  65.1 min  eta 126.1 min
    510/1470   run_id 6733    7.2s  elapsed  66.3 min  eta 124.6 min
    520/1470   run_id 6743    8.5s  elapsed  67.7 min  eta 123.4 min
    530/1470   run_id 6753    9.0s  elapsed  69.2 min  eta 122.5 min
    540/1470   run_id 6910    8.6s  elapsed  70.6 min  eta 121.5 min
    550/1470   run_id 6920    8.6s  elapsed  72.1 min  eta 120.4 min
    560/1470   run_id 6930    8.9s  elapsed  73.6 min  eta 119.4 min
    570/1470   run_id 6940    8.9s  elapsed  75.1 min  eta 118.4 min
    580/1470   run_id 6950    8.6s  elapsed  76.5 min  eta 117.2 min
    590/1470   run_id 7107    9.4s  elapsed  78.0 min  eta 116.2 min
    600/1470   run_id 7117    8.7s  elapsed  79.6 min  eta 115.2 min
    610/1470   run_id 7127    8.6s  elapsed  81.0 min  eta 114.1 min
    620/1470   run_id 7137    8.5s  elapsed  82.5 min  eta 112.9 min
    630/1470   run_id 7147    8.4s  elapsed  83.9 min  eta 111.7 min
    640/1470   run_id 7304    8.9s  elapsed  85.3 min  eta 110.5 min
    650/1470   run_id 7314    9.2s  elapsed  86.8 min  eta 109.4 min
    660/1470   run_id 7324    8.8s  elapsed  88.3 min  eta 108.2 min
    670/1470   run_id 7334    8.2s  elapsed  89.7 min  eta 107.0 min
    680/1470   run_id 7344    8.6s  elapsed  91.2 min  eta 105.8 min
    690/1470   run_id 7501    8.4s  elapsed  92.6 min  eta 104.5 min
    700/1470   run_id 7511    7.2s  elapsed  94.0 min  eta 103.3 min
    710/1470   run_id 7521    7.2s  elapsed  95.2 min  eta 101.7 min
    720/1470   run_id 7531    7.2s  elapsed  96.4 min  eta 100.2 min
    730/1470   run_id 7541    7.1s  elapsed  97.5 min  eta  98.7 min
    740/1470   run_id 7698    7.2s  elapsed  98.7 min  eta  97.2 min
    750/1470   run_id 7708    8.4s  elapsed 100.0 min  eta  95.9 min
    760/1470   run_id 7718    8.5s  elapsed 101.5 min  eta  94.6 min
    770/1470   run_id 7728    9.4s  elapsed 103.0 min  eta  93.5 min
    780/1470   run_id 7738    8.6s  elapsed 104.4 min  eta  92.2 min
    790/1470   run_id 7895    8.6s  elapsed 105.9 min  eta  91.0 min
    800/1470   run_id 7905    8.3s  elapsed 107.3 min  eta  89.7 min
    810/1470   run_id 7915    8.2s  elapsed 108.7 min  eta  88.4 min
    820/1470   run_id 7925    8.9s  elapsed 110.2 min  eta  87.2 min
    830/1470   run_id 7935    9.1s  elapsed 111.7 min  eta  86.0 min
    840/1470   run_id 8092    8.6s  elapsed 113.1 min  eta  84.7 min
    850/1470   run_id 8102    8.7s  elapsed 114.5 min  eta  83.4 min
    860/1470   run_id 8112    8.5s  elapsed 116.0 min  eta  82.1 min
    870/1470   run_id 8122    8.8s  elapsed 117.4 min  eta  80.8 min
    880/1470   run_id 8132    8.4s  elapsed 118.8 min  eta  79.5 min
    890/1470   run_id 8289    8.1s  elapsed 120.2 min  eta  78.2 min
    900/1470   run_id 8299    8.6s  elapsed 121.6 min  eta  76.9 min
    910/1470   run_id 8309    8.9s  elapsed 123.1 min  eta  75.6 min
    920/1470   run_id 8319    8.8s  elapsed 124.6 min  eta  74.4 min
    930/1470   run_id 8329    8.7s  elapsed 126.1 min  eta  73.1 min
    940/1470   run_id 8486    5.4s  elapsed 127.1 min  eta  71.6 min
    950/1470   run_id 8496    6.9s  elapsed 128.2 min  eta  70.0 min
    960/1470   run_id 8506    3.7s  elapsed 129.0 min  eta  68.4 min
    970/1470   run_id 8516    4.1s  elapsed 129.7 min  eta  66.7 min
    980/1470   run_id 8526    5.1s  elapsed 130.5 min  eta  65.2 min
    990/1470   run_id 8683    5.4s  elapsed 131.4 min  eta  63.6 min
   1000/1470   run_id 8693    6.0s  elapsed 132.4 min  eta  62.1 min
   1010/1470   run_id 8703    5.2s  elapsed 133.4 min  eta  60.7 min
   1020/1470   run_id 8713    5.2s  elapsed 134.3 min  eta  59.1 min
   1030/1470   run_id 8870    5.3s  elapsed 135.2 min  eta  57.7 min
   1040/1470   run_id 8880    5.3s  elapsed 136.1 min  eta  56.2 min
   1050/1470   run_id 8890    5.5s  elapsed 137.0 min  eta  54.7 min
   1060/1470   run_id 8900    5.8s  elapsed 137.9 min  eta  53.2 min
   1070/1470   run_id 8910    5.5s  elapsed 138.8 min  eta  51.8 min
   1080/1470   run_id 9067    6.0s  elapsed 139.8 min  eta  50.4 min
   1090/1470   run_id 9077    5.7s  elapsed 140.8 min  eta  49.0 min
   1100/1470   run_id 9087    5.6s  elapsed 141.7 min  eta  47.6 min
   1110/1470   run_id 9097    5.5s  elapsed 142.6 min  eta  46.2 min
   1120/1470   run_id 9107    5.6s  elapsed 143.5 min  eta  44.8 min
   1130/1470   run_id 9264    5.6s  elapsed 144.4 min  eta  43.4 min
   1140/1470   run_id 9274    5.6s  elapsed 145.4 min  eta  42.0 min
   1150/1470   run_id 9284    5.7s  elapsed 146.3 min  eta  40.7 min
   1160/1470   run_id 9294    5.4s  elapsed 147.3 min  eta  39.3 min
   1170/1470   run_id 9304    5.9s  elapsed 148.2 min  eta  37.9 min
   1180/1470   run_id 9461    5.6s  elapsed 149.1 min  eta  36.6 min
   1190/1470   run_id 9471    6.5s  elapsed 150.1 min  eta  35.3 min
   1200/1470   run_id 9481    5.3s  elapsed 151.1 min  eta  33.9 min
   1210/1470   run_id 9491    5.2s  elapsed 152.0 min  eta  32.6 min
   1220/1470   run_id 9501    5.6s  elapsed 152.9 min  eta  31.3 min
   1230/1470   run_id 9658    5.8s  elapsed 153.8 min  eta  30.0 min
   1240/1470   run_id 9668    5.8s  elapsed 154.8 min  eta  28.7 min
   1250/1470   run_id 9678    5.5s  elapsed 155.7 min  eta  27.4 min
   1260/1470   run_id 9688    5.6s  elapsed 156.7 min  eta  26.1 min
   1270/1470   run_id 9698    5.6s  elapsed 157.6 min  eta  24.8 min
   1280/1470   run_id 9855    5.4s  elapsed 158.5 min  eta  23.5 min
   1290/1470   run_id 9865    5.2s  elapsed 159.4 min  eta  22.2 min
   1300/1470   run_id 9875    5.4s  elapsed 160.3 min  eta  20.9 min
   1310/1470   run_id 9885    5.6s  elapsed 161.2 min  eta  19.7 min
   1320/1470   run_id 9895    5.6s  elapsed 162.1 min  eta  18.4 min
   1330/1470   run_id 10052   5.7s  elapsed 163.0 min  eta  17.1 min
   1340/1470   run_id 10062   5.4s  elapsed 163.9 min  eta  15.9 min
   1350/1470   run_id 10072   5.5s  elapsed 164.8 min  eta  14.6 min
   1360/1470   run_id 10082   5.6s  elapsed 165.8 min  eta  13.4 min
   1370/1470   run_id 10092   5.7s  elapsed 166.7 min  eta  12.1 min
   1380/1470   run_id 10249   5.5s  elapsed 167.6 min  eta  10.9 min
   1390/1470   run_id 10259   5.2s  elapsed 168.6 min  eta   9.7 min
   1400/1470   run_id 10269   5.0s  elapsed 169.4 min  eta   8.5 min
   1410/1470   run_id 10279   5.6s  elapsed 170.4 min  eta   7.2 min
   1420/1470   run_id 10289   5.8s  elapsed 171.3 min  eta   6.0 min
   1430/1470   run_id 10446   5.4s  elapsed 172.3 min  eta   4.8 min
   1440/1470   run_id 10456   5.6s  elapsed 173.2 min  eta   3.6 min
   1450/1470   run_id 10466   5.3s  elapsed 174.1 min  eta   2.4 min
   1460/1470   run_id 10476   5.3s  elapsed 175.0 min  eta   1.2 min
   1470/1470   run_id 10486   5.0s  elapsed 175.9 min  eta   0.0 min

worker 2 finished 1470 runs in 176.0 min (mean 7.2 s/run)
