project root: C:\Users\prasa\Projects\droop-microgrid-fault-diagnosis
added scripts/ and model/ to the MATLAB path
=== worker 4 of 4 ===
    assigned 147 runs, 0 already done, 147 to do
    accelerator cache: C:\Users\prasa\Projects\droop-microgrid-fault-diagnosis\cache_w4
[Warning: Cannot find library called 'dspstat3'.  To use this library, install <a href="matlab:matlab.internal.addons.launchers.showExplorer('AO_MODEL_RP','identifier','DS')">DSP
System Toolbox</a>.] 
[> In powergui
In powergui
In powergui
In Simulink.Simulation.internal.DesktopSimHelper
In Simulink.Simulation.internal.DesktopSimHelper.sim
In Simulink/SimulationInput/sim
In run_sweep (line 100)] 
      1/147    run_id 148    31.8s  elapsed   0.5 min  eta  77.4 min
     10/147    run_id 157     3.9s  elapsed   1.2 min  eta  15.7 min
     20/147    run_id 167     4.0s  elapsed   1.9 min  eta  12.0 min
     30/147    run_id 177     4.1s  elapsed   2.6 min  eta   9.9 min
     40/147    run_id 187     4.0s  elapsed   3.2 min  eta   8.6 min
     50/147    run_id 344     4.0s  elapsed   3.9 min  eta   7.5 min
     60/147    run_id 354     3.8s  elapsed   4.6 min  eta   6.6 min
     70/147    run_id 364     4.4s  elapsed   5.2 min  eta   5.7 min
     80/147    run_id 374     3.9s  elapsed   6.1 min  eta   5.1 min
     90/147    run_id 384     4.2s  elapsed   6.8 min  eta   4.3 min
    100/147    run_id 541     4.1s  elapsed   7.5 min  eta   3.5 min
    110/147    run_id 551     4.1s  elapsed   8.2 min  eta   2.7 min
    120/147    run_id 561     4.7s  elapsed   9.0 min  eta   2.0 min
    130/147    run_id 571     4.0s  elapsed   9.8 min  eta   1.3 min
    140/147    run_id 581     3.9s  elapsed  10.4 min  eta   0.5 min
    147/147    run_id 588     4.4s  elapsed  10.9 min  eta   0.0 min

worker 4 finished 147 runs in 10.9 min (mean 4.5 s/run)
