project root: C:\Users\prasa\Projects\droop-microgrid-fault-diagnosis
added scripts/ and model/ to the MATLAB path
=== worker 3 of 4 ===
    assigned 147 runs, 0 already done, 147 to do
    accelerator cache: C:\Users\prasa\Projects\droop-microgrid-fault-diagnosis\cache_w3
[Warning: Cannot find library called 'dspstat3'.  To use this library, install <a href="matlab:matlab.internal.addons.launchers.showExplorer('AO_MODEL_RP','identifier','DS')">DSP
System Toolbox</a>.] 
[> In powergui
In powergui
In powergui
In Simulink.Simulation.internal.DesktopSimHelper
In Simulink.Simulation.internal.DesktopSimHelper.sim
In Simulink/SimulationInput/sim
In run_sweep (line 100)] 
      1/147    run_id 99     31.8s  elapsed   0.5 min  eta  77.5 min
     10/147    run_id 108     3.9s  elapsed   1.2 min  eta  15.7 min
     20/147    run_id 118     4.1s  elapsed   1.9 min  eta  12.0 min
     30/147    run_id 128     4.0s  elapsed   2.6 min  eta   9.9 min
     40/147    run_id 138     4.1s  elapsed   3.2 min  eta   8.6 min
     50/147    run_id 295     4.1s  elapsed   3.9 min  eta   7.5 min
     60/147    run_id 305     3.9s  elapsed   4.6 min  eta   6.6 min
     70/147    run_id 315     4.6s  elapsed   5.2 min  eta   5.8 min
     80/147    run_id 325     4.1s  elapsed   6.2 min  eta   5.1 min
     90/147    run_id 335     4.0s  elapsed   6.8 min  eta   4.3 min
    100/147    run_id 492     4.1s  elapsed   7.5 min  eta   3.5 min
    110/147    run_id 502     4.2s  elapsed   8.2 min  eta   2.8 min
    120/147    run_id 512     4.7s  elapsed   9.0 min  eta   2.0 min
    130/147    run_id 522     3.9s  elapsed   9.8 min  eta   1.3 min
    140/147    run_id 532     3.9s  elapsed  10.5 min  eta   0.5 min
    147/147    run_id 539     4.5s  elapsed  10.9 min  eta   0.0 min

worker 3 finished 147 runs in 10.9 min (mean 4.5 s/run)
