project root: C:\Users\prasa\Projects\droop-microgrid-fault-diagnosis
added scripts/ and model/ to the MATLAB path
=== worker 3 of 4 ===
    assigned 1176 runs, 0 already done, 1176 to do
    accelerator cache: C:\Users\prasa\Projects\droop-microgrid-fault-diagnosis\cache_w3
[Warning: Cannot find library called 'dspstat3'.  To use this library, install <a href="matlab:matlab.internal.addons.launchers.showExplorer('AO_MODEL_RP','identifier','DS')">DSP
System Toolbox</a>.] 
[> In powergui
In powergui
In powergui
In Simulink.Simulation.internal.DesktopSimHelper
In Simulink.Simulation.internal.DesktopSimHelper.sim
In Simulink/SimulationInput/sim
In run_sweep (line 99)] 
      1/1176   run_id 99     20.7s  elapsed   0.4 min  eta 405.5 min
     10/1176   run_id 108     4.2s  elapsed   1.0 min  eta 119.7 min
     20/1176   run_id 118     4.4s  elapsed   1.8 min  eta 101.0 min
     30/1176   run_id 128     4.2s  elapsed   2.5 min  eta  94.2 min
     40/1176   run_id 138     4.2s  elapsed   3.2 min  eta  90.2 min
     50/1176   run_id 295     4.2s  elapsed   3.9 min  eta  87.4 min
     60/1176   run_id 305     4.6s  elapsed   4.6 min  eta  85.7 min
     70/1176   run_id 315     4.1s  elapsed   5.4 min  eta  84.3 min
     80/1176   run_id 325     4.0s  elapsed   6.0 min  eta  82.3 min
     90/1176   run_id 335     4.7s  elapsed   6.8 min  eta  81.3 min
    100/1176   run_id 492     4.1s  elapsed   7.5 min  eta  80.0 min
    110/1176   run_id 502     5.7s  elapsed   8.2 min  eta  79.0 min
    120/1176   run_id 512     5.7s  elapsed   9.2 min  eta  80.9 min
    130/1176   run_id 522     5.7s  elapsed  10.2 min  eta  81.7 min
    140/1176   run_id 532     5.8s  elapsed  11.1 min  eta  82.3 min
    150/1176   run_id 689     8.0s  elapsed  12.3 min  eta  83.9 min
    160/1176   run_id 699     5.5s  elapsed  13.2 min  eta  83.9 min
    170/1176   run_id 709     6.0s  elapsed  14.2 min  eta  83.8 min
    180/1176   run_id 719     5.8s  elapsed  15.2 min  eta  83.7 min
    190/1176   run_id 729     5.8s  elapsed  16.1 min  eta  83.6 min
    200/1176   run_id 886     5.8s  elapsed  17.1 min  eta  83.4 min
    210/1176   run_id 896     6.1s  elapsed  18.1 min  eta  83.2 min
    220/1176   run_id 906     6.0s  elapsed  19.1 min  eta  82.9 min
    230/1176   run_id 916     6.0s  elapsed  20.1 min  eta  82.5 min
    240/1176   run_id 926     5.7s  elapsed  21.1 min  eta  82.0 min
    250/1176   run_id 1083    6.2s  elapsed  22.0 min  eta  81.5 min
    260/1176   run_id 1093    5.6s  elapsed  23.0 min  eta  81.0 min
    270/1176   run_id 1103    5.9s  elapsed  24.0 min  eta  80.4 min
    280/1176   run_id 1113    5.9s  elapsed  25.0 min  eta  79.8 min
    290/1176   run_id 1123    5.6s  elapsed  25.9 min  eta  79.1 min
    300/1176   run_id 1280    5.7s  elapsed  26.8 min  eta  78.2 min
    310/1176   run_id 1290    5.2s  elapsed  27.7 min  eta  77.2 min
    320/1176   run_id 1300    5.4s  elapsed  28.6 min  eta  76.3 min
    330/1176   run_id 1310    5.4s  elapsed  29.5 min  eta  75.4 min
    340/1176   run_id 1320    5.4s  elapsed  30.4 min  eta  74.5 min
    350/1176   run_id 1477    5.3s  elapsed  31.2 min  eta  73.6 min
    360/1176   run_id 1487    4.8s  elapsed  32.1 min  eta  72.6 min
    370/1176   run_id 1497    4.1s  elapsed  32.8 min  eta  71.2 min
    380/1176   run_id 1507    4.0s  elapsed  33.4 min  eta  69.9 min
    390/1176   run_id 1517    4.0s  elapsed  34.1 min  eta  68.6 min
    400/1176   run_id 1674    4.0s  elapsed  34.8 min  eta  67.4 min
    410/1176   run_id 1684    4.0s  elapsed  35.4 min  eta  66.1 min
    420/1176   run_id 1694    3.9s  elapsed  36.1 min  eta  64.9 min
    430/1176   run_id 1704    4.0s  elapsed  36.8 min  eta  63.7 min
    440/1176   run_id 1714    4.0s  elapsed  37.5 min  eta  62.6 min
    450/1176   run_id 1871    3.9s  elapsed  38.1 min  eta  61.4 min
    460/1176   run_id 1881    3.9s  elapsed  38.8 min  eta  60.3 min
    470/1176   run_id 1891    3.9s  elapsed  39.5 min  eta  59.2 min
    480/1176   run_id 1901    4.0s  elapsed  40.1 min  eta  58.1 min
    490/1176   run_id 1911    3.9s  elapsed  40.8 min  eta  57.0 min
    500/1176   run_id 2068    4.8s  elapsed  41.5 min  eta  56.0 min
    510/1176   run_id 2078    4.0s  elapsed  42.2 min  eta  55.0 min
    520/1176   run_id 2088    3.9s  elapsed  42.8 min  eta  54.0 min
    530/1176   run_id 2098    3.9s  elapsed  43.5 min  eta  52.9 min
    540/1176   run_id 2255    3.9s  elapsed  44.1 min  eta  51.9 min
    550/1176   run_id 2265    3.7s  elapsed  44.8 min  eta  50.9 min
    560/1176   run_id 2275    3.9s  elapsed  45.4 min  eta  49.9 min
    570/1176   run_id 2285    3.8s  elapsed  46.1 min  eta  48.9 min
    580/1176   run_id 2295    3.8s  elapsed  46.7 min  eta  47.9 min
    590/1176   run_id 2452    3.9s  elapsed  47.3 min  eta  46.9 min
    600/1176   run_id 2462    3.7s  elapsed  48.0 min  eta  46.0 min
    610/1176   run_id 2472    3.7s  elapsed  48.6 min  eta  45.0 min
    620/1176   run_id 2482    3.9s  elapsed  49.2 min  eta  44.1 min
    630/1176   run_id 2492    3.7s  elapsed  49.9 min  eta  43.1 min
    640/1176   run_id 2649    3.9s  elapsed  50.5 min  eta  42.2 min
    650/1176   run_id 2659    3.8s  elapsed  51.1 min  eta  41.3 min
    660/1176   run_id 2669    3.8s  elapsed  51.8 min  eta  40.4 min
    670/1176   run_id 2679    3.8s  elapsed  52.4 min  eta  39.5 min
    680/1176   run_id 2689    3.9s  elapsed  53.1 min  eta  38.6 min
    690/1176   run_id 2846    3.9s  elapsed  53.7 min  eta  37.8 min
    700/1176   run_id 2856    3.8s  elapsed  54.3 min  eta  36.9 min
    710/1176   run_id 2866    3.9s  elapsed  55.0 min  eta  36.0 min
    720/1176   run_id 2876    3.8s  elapsed  55.6 min  eta  35.2 min
    730/1176   run_id 2886    3.8s  elapsed  56.3 min  eta  34.3 min
    740/1176   run_id 3043    3.9s  elapsed  56.9 min  eta  33.5 min
    750/1176   run_id 3053    6.4s  elapsed  58.1 min  eta  32.9 min
    760/1176   run_id 3063    6.6s  elapsed  59.1 min  eta  32.3 min
    770/1176   run_id 3073    3.9s  elapsed  60.1 min  eta  31.7 min
    780/1176   run_id 3083    3.9s  elapsed  60.8 min  eta  30.8 min
    790/1176   run_id 3240    4.0s  elapsed  61.5 min  eta  30.0 min
    800/1176   run_id 3250    3.8s  elapsed  62.1 min  eta  29.1 min
    810/1176   run_id 3260    3.7s  elapsed  62.7 min  eta  28.3 min
    820/1176   run_id 3270    3.9s  elapsed  63.4 min  eta  27.5 min
    830/1176   run_id 3280    3.9s  elapsed  64.0 min  eta  26.6 min
    840/1176   run_id 3437    3.8s  elapsed  64.7 min  eta  25.8 min
    850/1176   run_id 3447    3.8s  elapsed  65.3 min  eta  25.0 min
    860/1176   run_id 3457    3.9s  elapsed  65.9 min  eta  24.2 min
    870/1176   run_id 3467    3.7s  elapsed  66.6 min  eta  23.4 min
    880/1176   run_id 3477    3.7s  elapsed  67.2 min  eta  22.6 min
    890/1176   run_id 3634    3.7s  elapsed  67.8 min  eta  21.8 min
    900/1176   run_id 3644    3.9s  elapsed  68.5 min  eta  21.0 min
    910/1176   run_id 3654    3.8s  elapsed  69.1 min  eta  20.2 min
    920/1176   run_id 3664    3.8s  elapsed  69.7 min  eta  19.4 min
    930/1176   run_id 3674    3.8s  elapsed  70.4 min  eta  18.6 min
    940/1176   run_id 3831    3.6s  elapsed  71.0 min  eta  17.8 min
    950/1176   run_id 3841    3.8s  elapsed  71.6 min  eta  17.0 min
    960/1176   run_id 3851    3.8s  elapsed  72.3 min  eta  16.2 min
    970/1176   run_id 3861    3.8s  elapsed  72.9 min  eta  15.5 min
    980/1176   run_id 3871    3.6s  elapsed  73.5 min  eta  14.7 min
    990/1176   run_id 4028    3.7s  elapsed  74.1 min  eta  13.9 min
   1000/1176   run_id 4038    4.4s  elapsed  74.8 min  eta  13.1 min
   1010/1176   run_id 4048    3.7s  elapsed  75.6 min  eta  12.4 min
   1020/1176   run_id 4058    3.9s  elapsed  76.2 min  eta  11.6 min
   1030/1176   run_id 4215    3.7s  elapsed  76.8 min  eta  10.9 min
   1040/1176   run_id 4225    3.8s  elapsed  77.5 min  eta  10.1 min
   1050/1176   run_id 4235    3.8s  elapsed  78.1 min  eta   9.4 min
   1060/1176   run_id 4245    3.8s  elapsed  78.7 min  eta   8.6 min
   1070/1176   run_id 4255    3.6s  elapsed  79.3 min  eta   7.8 min
   1080/1176   run_id 4412    3.9s  elapsed  80.0 min  eta   7.1 min
   1090/1176   run_id 4422    3.9s  elapsed  80.6 min  eta   6.3 min
   1100/1176   run_id 4432    3.7s  elapsed  81.2 min  eta   5.6 min
   1110/1176   run_id 4442    3.8s  elapsed  81.9 min  eta   4.9 min
   1120/1176   run_id 4452    3.8s  elapsed  82.5 min  eta   4.1 min
   1130/1176   run_id 4609    3.8s  elapsed  83.1 min  eta   3.4 min
   1140/1176   run_id 4619    3.7s  elapsed  83.7 min  eta   2.6 min
   1150/1176   run_id 4629    3.8s  elapsed  84.4 min  eta   1.9 min
   1160/1176   run_id 4639    3.8s  elapsed  85.0 min  eta   1.2 min
   1170/1176   run_id 4649    3.9s  elapsed  85.6 min  eta   0.4 min
   1176/1176   run_id 4655    4.0s  elapsed  86.0 min  eta   0.0 min

worker 3 finished 1176 runs in 86.0 min (mean 4.4 s/run)
