project root: C:\Users\prasa\Projects\droop-microgrid-fault-diagnosis
added scripts/ and model/ to the MATLAB path
=== worker 2 of 4 ===
    assigned 1176 runs, 0 already done, 1176 to do
    accelerator cache: C:\Users\prasa\Projects\droop-microgrid-fault-diagnosis\cache_w2
[Warning: Cannot find library called 'dspstat3'.  To use this library, install <a href="matlab:matlab.internal.addons.launchers.showExplorer('AO_MODEL_RP','identifier','DS')">DSP
System Toolbox</a>.] 
[> In powergui
In powergui
In powergui
In Simulink.Simulation.internal.DesktopSimHelper
In Simulink.Simulation.internal.DesktopSimHelper.sim
In Simulink/SimulationInput/sim
In run_sweep (line 99)] 
      1/1176   run_id 50     22.1s  elapsed   0.4 min  eta 432.6 min
     10/1176   run_id 59      4.2s  elapsed   1.1 min  eta 122.8 min
     20/1176   run_id 69      4.3s  elapsed   1.8 min  eta 102.1 min
     30/1176   run_id 79      4.3s  elapsed   2.5 min  eta  94.9 min
     40/1176   run_id 89      4.2s  elapsed   3.2 min  eta  90.6 min
     50/1176   run_id 246     4.3s  elapsed   3.9 min  eta  87.8 min
     60/1176   run_id 256     4.5s  elapsed   4.6 min  eta  85.9 min
     70/1176   run_id 266     4.0s  elapsed   5.4 min  eta  84.6 min
     80/1176   run_id 276     4.1s  elapsed   6.1 min  eta  82.7 min
     90/1176   run_id 286     4.4s  elapsed   6.8 min  eta  81.4 min
    100/1176   run_id 443     4.4s  elapsed   7.5 min  eta  80.3 min
    110/1176   run_id 453     4.2s  elapsed   8.2 min  eta  79.1 min
    120/1176   run_id 463     6.7s  elapsed   9.2 min  eta  80.8 min
    130/1176   run_id 473     5.9s  elapsed  10.2 min  eta  81.8 min
    140/1176   run_id 483     5.8s  elapsed  11.2 min  eta  82.5 min
    150/1176   run_id 640     7.8s  elapsed  12.3 min  eta  83.9 min
    160/1176   run_id 650     5.8s  elapsed  13.3 min  eta  84.3 min
    170/1176   run_id 660     5.8s  elapsed  14.3 min  eta  84.2 min
    180/1176   run_id 670     5.8s  elapsed  15.2 min  eta  84.1 min
    190/1176   run_id 680     5.9s  elapsed  16.2 min  eta  83.9 min
    200/1176   run_id 837     5.8s  elapsed  17.2 min  eta  83.7 min
    210/1176   run_id 847     6.0s  elapsed  18.2 min  eta  83.5 min
    220/1176   run_id 857     6.0s  elapsed  19.2 min  eta  83.2 min
    230/1176   run_id 867     5.8s  elapsed  20.1 min  eta  82.7 min
    240/1176   run_id 877     5.5s  elapsed  21.1 min  eta  82.2 min
    250/1176   run_id 1034    6.0s  elapsed  22.1 min  eta  81.6 min
    260/1176   run_id 1044    5.6s  elapsed  23.1 min  eta  81.1 min
    270/1176   run_id 1054    5.8s  elapsed  24.0 min  eta  80.5 min
    280/1176   run_id 1064    5.8s  elapsed  25.0 min  eta  79.9 min
    290/1176   run_id 1074    5.7s  elapsed  26.0 min  eta  79.2 min
    300/1176   run_id 1231    5.2s  elapsed  26.9 min  eta  78.3 min
    310/1176   run_id 1241    5.2s  elapsed  27.7 min  eta  77.4 min
    320/1176   run_id 1251    5.6s  elapsed  28.6 min  eta  76.5 min
    330/1176   run_id 1261    5.4s  elapsed  29.5 min  eta  75.6 min
    340/1176   run_id 1271    5.4s  elapsed  30.4 min  eta  74.7 min
    350/1176   run_id 1428    5.5s  elapsed  31.3 min  eta  73.8 min
    360/1176   run_id 1438    4.0s  elapsed  32.1 min  eta  72.7 min
    370/1176   run_id 1448    4.0s  elapsed  32.8 min  eta  71.4 min
    380/1176   run_id 1458    4.0s  elapsed  33.5 min  eta  70.1 min
    390/1176   run_id 1468    4.0s  elapsed  34.2 min  eta  68.8 min
    400/1176   run_id 1625    4.0s  elapsed  34.9 min  eta  67.5 min
    410/1176   run_id 1635    4.0s  elapsed  35.5 min  eta  66.3 min
    420/1176   run_id 1645    4.1s  elapsed  36.2 min  eta  65.1 min
    430/1176   run_id 1655    4.0s  elapsed  36.9 min  eta  63.9 min
    440/1176   run_id 1665    4.0s  elapsed  37.6 min  eta  62.7 min
    450/1176   run_id 1822    3.9s  elapsed  38.2 min  eta  61.6 min
    460/1176   run_id 1832    4.0s  elapsed  38.9 min  eta  60.5 min
    470/1176   run_id 1842    4.0s  elapsed  39.6 min  eta  59.4 min
    480/1176   run_id 1852    4.0s  elapsed  40.3 min  eta  58.3 min
    490/1176   run_id 1862    3.9s  elapsed  40.9 min  eta  57.2 min
    500/1176   run_id 2019    4.8s  elapsed  41.6 min  eta  56.2 min
    510/1176   run_id 2029    3.9s  elapsed  42.3 min  eta  55.2 min
    520/1176   run_id 2039    3.9s  elapsed  43.0 min  eta  54.1 min
    530/1176   run_id 2049    3.8s  elapsed  43.6 min  eta  53.0 min
    540/1176   run_id 2206    3.8s  elapsed  44.2 min  eta  52.0 min
    550/1176   run_id 2216    3.8s  elapsed  44.9 min  eta  51.0 min
    560/1176   run_id 2226    3.9s  elapsed  45.5 min  eta  50.0 min
    570/1176   run_id 2236    3.9s  elapsed  46.2 min  eta  49.0 min
    580/1176   run_id 2246    3.7s  elapsed  46.8 min  eta  48.0 min
    590/1176   run_id 2403    3.9s  elapsed  47.4 min  eta  47.0 min
    600/1176   run_id 2413    3.9s  elapsed  48.1 min  eta  46.1 min
    610/1176   run_id 2423    3.8s  elapsed  48.7 min  eta  45.1 min
    620/1176   run_id 2433    3.8s  elapsed  49.4 min  eta  44.2 min
    630/1176   run_id 2443    3.8s  elapsed  50.0 min  eta  43.3 min
    640/1176   run_id 2600    3.8s  elapsed  50.6 min  eta  42.3 min
    650/1176   run_id 2610    3.9s  elapsed  51.3 min  eta  41.4 min
    660/1176   run_id 2620    3.8s  elapsed  51.9 min  eta  40.5 min
    670/1176   run_id 2630    3.8s  elapsed  52.6 min  eta  39.6 min
    680/1176   run_id 2640    4.0s  elapsed  53.2 min  eta  38.7 min
    690/1176   run_id 2797    3.9s  elapsed  53.8 min  eta  37.9 min
    700/1176   run_id 2807    3.8s  elapsed  54.5 min  eta  37.0 min
    710/1176   run_id 2817    3.9s  elapsed  55.1 min  eta  36.1 min
    720/1176   run_id 2827    3.8s  elapsed  55.8 min  eta  35.3 min
    730/1176   run_id 2837    3.9s  elapsed  56.4 min  eta  34.4 min
    740/1176   run_id 2994    4.0s  elapsed  57.0 min  eta  33.6 min
    750/1176   run_id 3004    6.8s  elapsed  58.2 min  eta  33.0 min
    760/1176   run_id 3014    6.4s  elapsed  59.3 min  eta  32.4 min
    770/1176   run_id 3024    3.9s  elapsed  60.3 min  eta  31.7 min
    780/1176   run_id 3034    3.9s  elapsed  60.9 min  eta  30.9 min
    790/1176   run_id 3191    4.0s  elapsed  61.6 min  eta  30.0 min
    800/1176   run_id 3201    3.7s  elapsed  62.2 min  eta  29.2 min
    810/1176   run_id 3211    3.7s  elapsed  62.8 min  eta  28.4 min
    820/1176   run_id 3221    3.9s  elapsed  63.5 min  eta  27.5 min
    830/1176   run_id 3231    3.9s  elapsed  64.1 min  eta  26.7 min
    840/1176   run_id 3388    3.8s  elapsed  64.8 min  eta  25.9 min
    850/1176   run_id 3398    3.7s  elapsed  65.4 min  eta  25.0 min
    860/1176   run_id 3408    3.9s  elapsed  66.0 min  eta  24.2 min
    870/1176   run_id 3418    3.8s  elapsed  66.7 min  eta  23.4 min
    880/1176   run_id 3428    3.8s  elapsed  67.3 min  eta  22.6 min
    890/1176   run_id 3585    3.8s  elapsed  68.0 min  eta  21.8 min
    900/1176   run_id 3595    3.9s  elapsed  68.6 min  eta  21.0 min
    910/1176   run_id 3605    3.9s  elapsed  69.2 min  eta  20.2 min
    920/1176   run_id 3615    3.9s  elapsed  69.9 min  eta  19.4 min
    930/1176   run_id 3625    3.8s  elapsed  70.5 min  eta  18.6 min
    940/1176   run_id 3782    3.7s  elapsed  71.2 min  eta  17.8 min
    950/1176   run_id 3792    3.8s  elapsed  71.8 min  eta  17.1 min
    960/1176   run_id 3802    3.9s  elapsed  72.4 min  eta  16.3 min
    970/1176   run_id 3812    3.9s  elapsed  73.1 min  eta  15.5 min
    980/1176   run_id 3822    3.7s  elapsed  73.7 min  eta  14.7 min
    990/1176   run_id 3979    3.7s  elapsed  74.3 min  eta  13.9 min
   1000/1176   run_id 3989    4.9s  elapsed  75.0 min  eta  13.2 min
   1010/1176   run_id 3999    3.7s  elapsed  75.8 min  eta  12.4 min
   1020/1176   run_id 4009    3.8s  elapsed  76.4 min  eta  11.7 min
   1030/1176   run_id 4166    3.6s  elapsed  77.0 min  eta  10.9 min
   1040/1176   run_id 4176    3.7s  elapsed  77.7 min  eta  10.1 min
   1050/1176   run_id 4186    3.6s  elapsed  78.3 min  eta   9.4 min
   1060/1176   run_id 4196    3.7s  elapsed  78.9 min  eta   8.6 min
   1070/1176   run_id 4206    3.7s  elapsed  79.5 min  eta   7.9 min
   1080/1176   run_id 4363    3.8s  elapsed  80.1 min  eta   7.1 min
   1090/1176   run_id 4373    3.9s  elapsed  80.8 min  eta   6.4 min
   1100/1176   run_id 4383    3.7s  elapsed  81.4 min  eta   5.6 min
   1110/1176   run_id 4393    3.8s  elapsed  82.0 min  eta   4.9 min
   1120/1176   run_id 4403    3.7s  elapsed  82.6 min  eta   4.1 min
   1130/1176   run_id 4560    3.7s  elapsed  83.3 min  eta   3.4 min
   1140/1176   run_id 4570    3.8s  elapsed  83.9 min  eta   2.6 min
   1150/1176   run_id 4580    3.8s  elapsed  84.5 min  eta   1.9 min
   1160/1176   run_id 4590    3.7s  elapsed  85.2 min  eta   1.2 min
   1170/1176   run_id 4600    3.9s  elapsed  85.8 min  eta   0.4 min
   1176/1176   run_id 4606    4.0s  elapsed  86.2 min  eta   0.0 min

worker 2 finished 1176 runs in 86.2 min (mean 4.4 s/run)
